--------------------------------------------------------------------------------------
Timing Analyzer Summary
--------------------------------------------------------------------------------------

Type           : Worst-case tsu
Slack          : N/A
Required Time  : None
Actual Time    : 1.081 ns
From           : SW[2]
To             : irda_send_loop:inst|clk_cnt_108[2]
From Clock     : --
To Clock       : clk
Failed Paths   : 0

Type           : Worst-case tco
Slack          : N/A
Required Time  : None
Actual Time    : 11.638 ns
From           : irda_send_loop:inst|irda_send
To             : IrDA_Tx
From Clock     : clk
To Clock       : --
Failed Paths   : 0

Type           : Worst-case th
Slack          : N/A
Required Time  : None
Actual Time    : 1.181 ns
From           : SW[0]
To             : irda_send_loop:inst|cs.LEADER_9
From Clock     : --
To Clock       : clk
Failed Paths   : 0

Type           : Clock Setup: 'clk'
Slack          : N/A
Required Time  : None
Actual Time    : 83.54 MHz ( period = 11.971 ns )
From           : irda_send_loop:inst|clk_cnt_0565[14]
To             : irda_send_loop:inst|clear_cnt_flag
From Clock     : clk
To Clock       : clk
Failed Paths   : 0

Type           : Total number of failed paths
Slack          : 
Required Time  : 
Actual Time    : 
From           : 
To             : 
From Clock     : 
To Clock       : 
Failed Paths   : 0

--------------------------------------------------------------------------------------

